2026-09-07 22:57:46 [ERROR] Connection to queue failed: Connection error: connection refused
2026-09-07 22:57:50 [ERROR] Connection to NOSQL database failed: Connection error: connection refused
2026-09-07 22:57:50 [SUCCESS] Successfully connected to database testcraft_db
2026-09-07 22:57:50 [INFO] SQL Query: SELECT name FROM migrations;
2026-09-07 22:57:50 [ERROR] ОШИБКА:  отношение "migrations" не существует
LINE 1: SELECT name FROM migrations;
                         ^

2026-09-07 22:57:50 [ERROR] Error loading migrations
2026-09-07 22:57:50 [ERROR] Database migration failed: ОШИБКА:  отношение "migrations" не существует
LINE 1: SELECT name FROM migrations;
                         ^

2026-09-07 22:57:50 [SUCCESS] Server initialized on 0.0.0.0:3501
2026-09-07 22:57:50 [INFO] Test #6
2026-09-07 22:57:50 [INFO] Starting 12 worker threads
2026-09-07 22:58:01 [INFO] STATS - Active connections: 0, Total requests: 0
2026-09-07 22:58:11 [INFO] STATS - Active connections: 0, Total requests: 0
2026-09-07 22:58:24 [INFO] STATS - Active connections: 0, Total requests: 0
2026-09-07 22:58:41 [INFO] STATS - Active connections: 0, Total requests: 0
2026-09-07 22:58:51 [INFO] STATS - Active connections: 0, Total requests: 0
2026-09-07 22:59:01 [INFO] STATS - Active connections: 0, Total requests: 0
2026-09-07 22:59:11 [INFO] STATS - Active connections: 0, Total requests: 0
2026-09-07 22:59:26 [INFO] STATS - Active connections: 0, Total requests: 0
2026-09-07 22:59:39 [INFO] STATS - Active connections: 0, Total requests: 0
2026-09-07 22:59:53 [INFO] STATS - Active connections: 0, Total requests: 0
2026-09-07 23:00:04 [INFO] STATS - Active connections: 0, Total requests: 0
2026-09-07 23:00:18 [INFO] STATS - Active connections: 0, Total requests: 0
2026-09-07 23:00:30 [INFO] STATS - Active connections: 0, Total requests: 0
2026-09-07 23:00:40 [INFO] STATS - Active connections: 0, Total requests: 0
2026-09-07 23:00:56 [INFO] STATS - Active connections: 0, Total requests: 0
2026-09-07 23:01:07 [INFO] STATS - Active connections: 0, Total requests: 0
2026-09-07 23:01:17 [INFO] STATS - Active connections: 0, Total requests: 0
2026-09-07 23:01:28 [INFO] STATS - Active connections: 0, Total requests: 0
2026-09-07 23:01:47 [INFO] STATS - Active connections: 0, Total requests: 0
2026-09-07 23:01:57 [INFO] STATS - Active connections: 0, Total requests: 0
2026-09-07 23:02:12 [INFO] STATS - Active connections: 0, Total requests: 0
2026-09-07 23:02:28 [INFO] STATS - Active connections: 0, Total requests: 0
2026-09-07 23:02:38 [INFO] STATS - Active connections: 0, Total requests: 0
2026-09-07 23:02:48 [INFO] STATS - Active connections: 0, Total requests: 0
2026-09-07 23:02:58 [INFO] STATS - Active connections: 0, Total requests: 0
2026-09-07 23:03:13 [INFO] STATS - Active connections: 0, Total requests: 0
2026-09-07 23:03:23 [INFO] STATS - Active connections: 0, Total requests: 0
2026-09-07 23:03:33 [INFO] STATS - Active connections: 0, Total requests: 0
2026-09-07 23:03:48 [INFO] STATS - Active connections: 0, Total requests: 0
2026-09-07 23:04:06 [INFO] STATS - Active connections: 0, Total requests: 0
2026-09-07 23:04:16 [INFO] STATS - Active connections: 0, Total requests: 0
2026-09-07 23:04:29 [INFO] STATS - Active connections: 0, Total requests: 0
2026-09-07 23:04:44 [INFO] STATS - Active connections: 0, Total requests: 0
2026-09-07 23:04:54 [INFO] STATS - Active connections: 0, Total requests: 0
2026-09-07 23:05:04 [INFO] STATS - Active connections: 0, Total requests: 0
2026-09-07 23:05:14 [INFO] STATS - Active connections: 0, Total requests: 0
2026-09-07 23:05:33 [INFO] STATS - Active connections: 0, Total requests: 0
2026-09-07 23:05:44 [INFO] STATS - Active connections: 0, Total requests: 0
2026-09-07 23:06:01 [INFO] STATS - Active connections: 0, Total requests: 0
2026-09-07 23:06:11 [INFO] STATS - Active connections: 0, Total requests: 0
2026-09-07 23:06:21 [INFO] STATS - Active connections: 0, Total requests: 0
2026-09-07 23:06:31 [INFO] STATS - Active connections: 0, Total requests: 0
2026-09-07 23:06:41 [INFO] STATS - Active connections: 0, Total requests: 0
2026-09-07 23:06:51 [INFO] STATS - Active connections: 0, Total requests: 0
2026-09-07 23:07:01 [INFO] STATS - Active connections: 0, Total requests: 0
2026-09-07 23:07:11 [INFO] STATS - Active connections: 0, Total requests: 0
2026-09-07 23:07:21 [INFO] STATS - Active connections: 0, Total requests: 0
2026-09-07 23:07:31 [INFO] STATS - Active connections: 0, Total requests: 0
2026-09-07 23:07:42 [INFO] STATS - Active connections: 0, Total requests: 0
2026-09-07 23:07:53 [INFO] STATS - Active connections: 0, Total requests: 0
2026-09-07 23:08:03 [INFO] STATS - Active connections: 0, Total requests: 0
2026-09-07 23:08:13 [INFO] STATS - Active connections: 0, Total requests: 0
2026-09-07 23:08:23 [INFO] STATS - Active connections: 0, Total requests: 0
2026-09-07 23:08:33 [INFO] STATS - Active connections: 0, Total requests: 0
2026-09-07 23:08:43 [INFO] STATS - Active connections: 0, Total requests: 0
2026-09-07 23:08:53 [INFO] STATS - Active connections: 0, Total requests: 0
2026-09-07 23:09:03 [INFO] STATS - Active connections: 0, Total requests: 0
2026-09-07 23:09:13 [INFO] STATS - Active connections: 0, Total requests: 0
2026-09-07 23:09:23 [INFO] STATS - Active connections: 0, Total requests: 0
2026-09-07 23:09:33 [INFO] STATS - Active connections: 0, Total requests: 0
2026-09-07 23:09:43 [INFO] STATS - Active connections: 0, Total requests: 0
2026-09-07 23:09:53 [INFO] STATS - Active connections: 0, Total requests: 0
2026-09-07 23:10:03 [INFO] STATS - Active connections: 0, Total requests: 0
2026-09-07 23:10:13 [INFO] STATS - Active connections: 0, Total requests: 0
2026-09-07 23:10:23 [INFO] STATS - Active connections: 0, Total requests: 0
2026-09-07 23:10:33 [INFO] STATS - Active connections: 0, Total requests: 0
2026-09-07 23:10:43 [INFO] STATS - Active connections: 0, Total requests: 0
2026-09-07 23:10:53 [INFO] STATS - Active connections: 0, Total requests: 0
2026-09-07 23:11:03 [INFO] STATS - Active connections: 0, Total requests: 0
2026-09-07 23:11:13 [INFO] STATS - Active connections: 0, Total requests: 0
2026-09-07 23:11:23 [INFO] STATS - Active connections: 0, Total requests: 0
2026-09-07 23:11:33 [INFO] STATS - Active connections: 0, Total requests: 0
2026-09-07 23:11:43 [INFO] STATS - Active connections: 0, Total requests: 0
2026-09-07 23:11:53 [INFO] STATS - Active connections: 0, Total requests: 0
2026-09-07 23:12:03 [INFO] STATS - Active connections: 0, Total requests: 0
2026-09-07 23:12:13 [INFO] STATS - Active connections: 0, Total requests: 0
2026-09-07 23:12:23 [INFO] STATS - Active connections: 0, Total requests: 0
2026-09-07 23:12:31 [ERROR] Connection to queue failed: Connection error: connection refused
2026-09-07 23:12:33 [ERROR] Connection to NOSQL database failed: Connection error: connection refused
2026-09-07 23:12:33 [SUCCESS] Successfully connected to database testcraft_db
2026-09-07 23:12:33 [INFO] SQL Query: SELECT name FROM migrations;
2026-09-07 23:12:33 [SUCCESS] Server initialized on 0.0.0.0:3501
2026-09-07 23:12:33 [INFO] Test #6
2026-09-07 23:12:33 [INFO] Starting 12 worker threads
2026-09-07 23:12:43 [INFO] STATS - Active connections: 0, Total requests: 0
2026-09-07 23:12:53 [INFO] STATS - Active connections: 0, Total requests: 0
2026-09-07 23:13:03 [INFO] STATS - Active connections: 0, Total requests: 0
2026-09-07 23:13:13 [INFO] STATS - Active connections: 0, Total requests: 0
2026-09-07 23:13:23 [INFO] STATS - Active connections: 0, Total requests: 0
2026-09-08 18:41:27 [ERROR] Connection to queue failed: Connection error: connection refused
2026-09-08 18:41:29 [ERROR] Connection to NOSQL database failed: Connection error: connection refused
2026-09-08 18:41:29 [SUCCESS] Successfully connected to database testcraft_db
2026-09-08 18:41:29 [INFO] SQL Query: SELECT name FROM migrations;
2026-09-08 18:41:29 [SUCCESS] Server initialized on 0.0.0.0:3501
2026-09-08 18:41:29 [INFO] Test #6
2026-09-08 18:41:29 [INFO] Starting 12 worker threads
2026-09-08 18:41:39 [INFO] STATS - Active connections: 0, Total requests: 0
2026-09-08 18:41:49 [INFO] STATS - Active connections: 0, Total requests: 0
2026-09-08 18:41:59 [INFO] STATS - Active connections: 0, Total requests: 0
2026-09-08 18:42:09 [INFO] STATS - Active connections: 0, Total requests: 0
2026-09-08 18:42:19 [INFO] STATS - Active connections: 0, Total requests: 0
2026-09-08 18:42:29 [INFO] STATS - Active connections: 0, Total requests: 0
2026-09-08 18:42:39 [INFO] STATS - Active connections: 0, Total requests: 0
2026-09-08 18:42:49 [INFO] STATS - Active connections: 0, Total requests: 0
2026-09-08 18:42:59 [INFO] STATS - Active connections: 0, Total requests: 0
2026-09-08 18:43:09 [INFO] STATS - Active connections: 0, Total requests: 0
2026-09-08 18:43:19 [INFO] STATS - Active connections: 0, Total requests: 0
2026-09-08 18:43:29 [INFO] STATS - Active connections: 0, Total requests: 0
2026-09-08 18:43:39 [INFO] STATS - Active connections: 0, Total requests: 0
2026-09-08 18:43:49 [INFO] STATS - Active connections: 0, Total requests: 0
2026-09-08 18:44:00 [INFO] STATS - Active connections: 0, Total requests: 0
2026-09-08 18:44:10 [INFO] STATS - Active connections: 0, Total requests: 0
2026-09-08 18:44:20 [INFO] STATS - Active connections: 0, Total requests: 0
2026-09-08 18:44:30 [INFO] STATS - Active connections: 0, Total requests: 0
2026-09-08 18:44:40 [INFO] STATS - Active connections: 0, Total requests: 0
2026-09-08 18:44:50 [INFO] STATS - Active connections: 0, Total requests: 0
2026-09-08 18:45:00 [INFO] STATS - Active connections: 0, Total requests: 0
2026-09-08 18:45:10 [INFO] STATS - Active connections: 0, Total requests: 0
2026-09-08 18:45:20 [INFO] STATS - Active connections: 0, Total requests: 0
2026-09-08 18:45:30 [INFO] STATS - Active connections: 0, Total requests: 0
2026-09-08 18:45:40 [INFO] STATS - Active connections: 0, Total requests: 0
2026-09-08 18:45:50 [INFO] STATS - Active connections: 0, Total requests: 0
2026-09-08 18:46:00 [INFO] STATS - Active connections: 0, Total requests: 0
2026-09-08 18:46:10 [INFO] STATS - Active connections: 0, Total requests: 0
2026-09-08 18:46:20 [INFO] STATS - Active connections: 0, Total requests: 0
2026-09-08 18:46:30 [INFO] STATS - Active connections: 0, Total requests: 0
2026-09-08 18:46:40 [INFO] STATS - Active connections: 0, Total requests: 0
2026-09-08 18:46:50 [INFO] STATS - Active connections: 0, Total requests: 0
2026-09-08 18:47:00 [INFO] STATS - Active connections: 0, Total requests: 0
2026-09-08 18:47:10 [INFO] STATS - Active connections: 0, Total requests: 0
2026-09-08 18:47:20 [INFO] STATS - Active connections: 0, Total requests: 0
2026-09-08 18:47:30 [INFO] STATS - Active connections: 0, Total requests: 0
2026-09-08 18:47:40 [INFO] STATS - Active connections: 0, Total requests: 0
2026-09-08 18:47:50 [INFO] STATS - Active connections: 0, Total requests: 0
2026-09-08 18:48:00 [INFO] STATS - Active connections: 0, Total requests: 0
2026-09-08 18:48:10 [INFO] STATS - Active connections: 0, Total requests: 0
2026-09-08 18:48:20 [INFO] STATS - Active connections: 0, Total requests: 0
2026-09-08 18:48:30 [INFO] STATS - Active connections: 0, Total requests: 0
2026-09-08 18:48:40 [INFO] STATS - Active connections: 0, Total requests: 0
2026-09-08 18:48:50 [INFO] STATS - Active connections: 0, Total requests: 0
2026-09-08 18:49:00 [INFO] STATS - Active connections: 0, Total requests: 0
2026-09-08 18:49:10 [INFO] STATS - Active connections: 0, Total requests: 0
2026-09-08 18:49:20 [INFO] STATS - Active connections: 0, Total requests: 0
2026-09-08 18:49:30 [INFO] STATS - Active connections: 0, Total requests: 0
2026-09-08 18:49:40 [INFO] STATS - Active connections: 0, Total requests: 0
2026-09-08 18:49:50 [INFO] STATS - Active connections: 0, Total requests: 0
2026-09-08 18:50:00 [INFO] STATS - Active connections: 0, Total requests: 0
2026-09-08 18:50:10 [INFO] STATS - Active connections: 0, Total requests: 0
2026-09-08 18:50:20 [INFO] STATS - Active connections: 0, Total requests: 0
2026-09-08 18:50:30 [INFO] STATS - Active connections: 0, Total requests: 0
2026-09-08 18:50:40 [INFO] STATS - Active connections: 0, Total requests: 0
2026-09-08 18:50:50 [INFO] STATS - Active connections: 0, Total requests: 0
2026-09-08 18:51:00 [INFO] STATS - Active connections: 0, Total requests: 0
2026-09-08 18:51:10 [INFO] STATS - Active connections: 0, Total requests: 0
2026-09-08 18:51:20 [INFO] STATS - Active connections: 0, Total requests: 0
2026-09-08 18:51:30 [INFO] STATS - Active connections: 0, Total requests: 0
2026-09-08 18:51:40 [INFO] STATS - Active connections: 0, Total requests: 0
2026-09-08 18:51:50 [INFO] STATS - Active connections: 0, Total requests: 0
2026-09-08 18:52:00 [INFO] STATS - Active connections: 0, Total requests: 0
2026-09-08 18:52:10 [INFO] STATS - Active connections: 0, Total requests: 0
2026-09-08 18:52:20 [INFO] STATS - Active connections: 0, Total requests: 0
2026-09-08 18:52:30 [INFO] STATS - Active connections: 0, Total requests: 0
2026-09-08 18:52:40 [INFO] STATS - Active connections: 0, Total requests: 0
2026-09-08 18:52:50 [INFO] STATS - Active connections: 0, Total requests: 0
2026-09-08 18:53:00 [INFO] STATS - Active connections: 0, Total requests: 0
2026-09-08 18:53:10 [INFO] STATS - Active connections: 0, Total requests: 0
2026-09-08 18:53:20 [INFO] STATS - Active connections: 0, Total requests: 0
2026-09-08 18:53:30 [INFO] STATS - Active connections: 0, Total requests: 0
2026-09-08 18:53:40 [INFO] STATS - Active connections: 0, Total requests: 0
2026-09-08 18:53:50 [INFO] STATS - Active connections: 0, Total requests: 0
2026-09-08 18:54:00 [INFO] STATS - Active connections: 0, Total requests: 0
2026-09-08 18:54:10 [INFO] STATS - Active connections: 0, Total requests: 0
2026-09-08 18:54:20 [INFO] STATS - Active connections: 0, Total requests: 0
2026-09-08 18:54:30 [INFO] STATS - Active connections: 0, Total requests: 0
2026-09-08 18:54:40 [INFO] STATS - Active connections: 0, Total requests: 0
2026-09-08 18:54:50 [INFO] STATS - Active connections: 0, Total requests: 0
2026-09-08 18:55:00 [INFO] STATS - Active connections: 0, Total requests: 0
2026-09-08 18:55:10 [INFO] STATS - Active connections: 0, Total requests: 0
2026-09-08 18:55:20 [INFO] STATS - Active connections: 0, Total requests: 0
2026-09-08 18:55:30 [INFO] STATS - Active connections: 0, Total requests: 0
2026-09-08 18:55:40 [INFO] STATS - Active connections: 0, Total requests: 0
2026-09-08 18:55:50 [INFO] STATS - Active connections: 0, Total requests: 0
2026-09-08 18:56:00 [INFO] STATS - Active connections: 0, Total requests: 0
2026-09-08 18:56:10 [INFO] STATS - Active connections: 0, Total requests: 0
2026-09-08 18:56:20 [INFO] STATS - Active connections: 0, Total requests: 0
2026-09-08 18:56:30 [INFO] STATS - Active connections: 0, Total requests: 0
2026-09-08 18:56:40 [INFO] STATS - Active connections: 0, Total requests: 0
2026-09-08 18:56:50 [INFO] STATS - Active connections: 0, Total requests: 0
2026-09-08 18:57:00 [INFO] STATS - Active connections: 0, Total requests: 0
2026-09-08 18:57:10 [INFO] STATS - Active connections: 0, Total requests: 0
2026-09-08 18:57:20 [INFO] STATS - Active connections: 0, Total requests: 0
2026-09-08 18:57:30 [INFO] STATS - Active connections: 0, Total requests: 0
2026-09-08 18:57:40 [INFO] STATS - Active connections: 0, Total requests: 0
2026-09-08 18:57:50 [INFO] STATS - Active connections: 0, Total requests: 0
2026-09-08 18:58:00 [INFO] STATS - Active connections: 0, Total requests: 0
2026-09-08 18:58:10 [INFO] STATS - Active connections: 0, Total requests: 0
2026-09-08 18:58:20 [INFO] STATS - Active connections: 0, Total requests: 0
2026-09-08 18:58:30 [INFO] STATS - Active connections: 0, Total requests: 0
2026-09-08 18:58:40 [INFO] STATS - Active connections: 0, Total requests: 0
2026-09-08 18:58:50 [INFO] STATS - Active connections: 0, Total requests: 0
2026-09-08 18:59:00 [INFO] STATS - Active connections: 0, Total requests: 0
2026-09-08 18:59:10 [INFO] STATS - Active connections: 0, Total requests: 0
2026-09-08 18:59:20 [INFO] STATS - Active connections: 0, Total requests: 0
2026-09-08 18:59:30 [INFO] STATS - Active connections: 0, Total requests: 0
2026-09-08 18:59:40 [INFO] STATS - Active connections: 0, Total requests: 0
2026-09-08 18:59:50 [INFO] STATS - Active connections: 0, Total requests: 0
2026-09-08 19:00:00 [INFO] STATS - Active connections: 0, Total requests: 0
2026-09-08 19:00:10 [INFO] STATS - Active connections: 0, Total requests: 0
2026-09-08 19:00:20 [INFO] STATS - Active connections: 0, Total requests: 0
2026-09-08 19:00:30 [INFO] STATS - Active connections: 0, Total requests: 0
2026-09-08 19:00:40 [INFO] STATS - Active connections: 0, Total requests: 0
2026-09-08 19:00:50 [INFO] STATS - Active connections: 0, Total requests: 0
2026-09-08 19:01:00 [INFO] STATS - Active connections: 0, Total requests: 0
2026-09-08 19:01:10 [INFO] STATS - Active connections: 0, Total requests: 0
2026-09-08 19:01:20 [INFO] STATS - Active connections: 0, Total requests: 0
2026-09-08 19:01:30 [INFO] STATS - Active connections: 0, Total requests: 0
2026-09-08 19:01:40 [INFO] STATS - Active connections: 0, Total requests: 0
2026-09-08 19:01:50 [INFO] STATS - Active connections: 0, Total requests: 0
2026-09-08 19:02:00 [INFO] STATS - Active connections: 0, Total requests: 0
2026-09-08 19:02:10 [INFO] STATS - Active connections: 0, Total requests: 0
2026-09-08 19:02:20 [INFO] STATS - Active connections: 0, Total requests: 0
2026-09-08 19:02:31 [INFO] STATS - Active connections: 0, Total requests: 0
2026-09-08 19:02:41 [INFO] STATS - Active connections: 0, Total requests: 0
2026-09-08 19:02:51 [INFO] STATS - Active connections: 0, Total requests: 0
2026-09-08 19:03:01 [INFO] STATS - Active connections: 0, Total requests: 0
2026-09-08 19:03:11 [INFO] STATS - Active connections: 0, Total requests: 0
2026-09-08 19:03:21 [INFO] STATS - Active connections: 0, Total requests: 0
2026-09-08 19:03:31 [INFO] STATS - Active connections: 0, Total requests: 0
2026-09-08 19:03:41 [INFO] STATS - Active connections: 0, Total requests: 0
2026-09-08 19:03:51 [INFO] STATS - Active connections: 0, Total requests: 0
2026-09-08 19:04:01 [INFO] STATS - Active connections: 0, Total requests: 0
2026-09-08 19:04:11 [INFO] STATS - Active connections: 0, Total requests: 0
2026-09-08 19:04:21 [INFO] STATS - Active connections: 0, Total requests: 0
2026-09-08 19:04:31 [INFO] STATS - Active connections: 0, Total requests: 0
2026-09-08 19:04:41 [INFO] STATS - Active connections: 0, Total requests: 0
2026-09-08 19:04:51 [INFO] STATS - Active connections: 0, Total requests: 0
2026-09-08 19:05:01 [INFO] STATS - Active connections: 0, Total requests: 0
2026-09-08 19:05:11 [INFO] STATS - Active connections: 0, Total requests: 0
2026-09-08 19:05:21 [INFO] STATS - Active connections: 0, Total requests: 0
2026-09-08 19:05:31 [INFO] STATS - Active connections: 0, Total requests: 0
2026-09-08 19:05:41 [INFO] STATS - Active connections: 0, Total requests: 0
2026-09-08 19:05:51 [INFO] STATS - Active connections: 0, Total requests: 0
2026-09-08 19:06:01 [INFO] STATS - Active connections: 0, Total requests: 0
2026-09-08 19:06:11 [INFO] STATS - Active connections: 0, Total requests: 0
2026-09-08 19:06:21 [INFO] STATS - Active connections: 0, Total requests: 0
2026-09-08 19:06:31 [INFO] STATS - Active connections: 0, Total requests: 0
2026-09-08 19:06:41 [INFO] STATS - Active connections: 0, Total requests: 0
2026-09-08 19:06:51 [INFO] STATS - Active connections: 0, Total requests: 0
2026-09-08 19:07:01 [INFO] STATS - Active connections: 0, Total requests: 0
2026-09-08 19:07:11 [INFO] STATS - Active connections: 0, Total requests: 0
2026-09-08 19:07:21 [INFO] STATS - Active connections: 0, Total requests: 0
2026-09-08 19:07:31 [INFO] STATS - Active connections: 0, Total requests: 0
2026-09-08 19:07:41 [INFO] STATS - Active connections: 0, Total requests: 0
2026-09-08 19:12:30 [INFO] STATS - Active connections: 0, Total requests: 0
2026-09-08 19:12:40 [INFO] STATS - Active connections: 0, Total requests: 0
2026-09-08 19:12:50 [INFO] STATS - Active connections: 0, Total requests: 0
2026-09-08 19:13:00 [INFO] STATS - Active connections: 0, Total requests: 0
2026-09-08 19:13:10 [INFO] STATS - Active connections: 0, Total requests: 0
2026-09-08 19:13:20 [INFO] STATS - Active connections: 0, Total requests: 0
2026-09-08 19:13:30 [INFO] STATS - Active connections: 0, Total requests: 0
2026-09-08 19:13:40 [INFO] STATS - Active connections: 0, Total requests: 0
2026-09-08 19:13:50 [INFO] STATS - Active connections: 0, Total requests: 0
2026-09-08 19:14:00 [INFO] STATS - Active connections: 0, Total requests: 0
2026-09-08 19:14:10 [INFO] STATS - Active connections: 0, Total requests: 0
2026-09-08 19:14:20 [INFO] STATS - Active connections: 0, Total requests: 0
2026-09-08 19:14:30 [INFO] STATS - Active connections: 0, Total requests: 0
2026-09-08 19:14:40 [INFO] STATS - Active connections: 0, Total requests: 0
2026-09-08 19:14:50 [INFO] STATS - Active connections: 0, Total requests: 0
2026-09-08 19:15:00 [INFO] STATS - Active connections: 0, Total requests: 0
2026-09-08 19:15:10 [INFO] STATS - Active connections: 0, Total requests: 0
2026-09-08 19:15:20 [INFO] STATS - Active connections: 0, Total requests: 0
2026-09-08 19:15:30 [INFO] STATS - Active connections: 0, Total requests: 0
2026-09-08 19:15:40 [INFO] STATS - Active connections: 0, Total requests: 0
2026-09-08 19:15:50 [INFO] STATS - Active connections: 0, Total requests: 0
2026-09-08 19:16:00 [INFO] STATS - Active connections: 0, Total requests: 0
2026-09-08 19:16:10 [INFO] STATS - Active connections: 0, Total requests: 0
2026-09-08 19:16:20 [INFO] STATS - Active connections: 0, Total requests: 0
2026-09-08 19:16:30 [INFO] STATS - Active connections: 0, Total requests: 0
2026-09-08 19:16:40 [INFO] STATS - Active connections: 0, Total requests: 0
2026-09-08 19:16:50 [INFO] STATS - Active connections: 0, Total requests: 0
2026-09-08 19:17:00 [INFO] STATS - Active connections: 0, Total requests: 0
2026-09-08 19:17:10 [INFO] STATS - Active connections: 0, Total requests: 0
2026-09-08 19:17:20 [INFO] STATS - Active connections: 0, Total requests: 0
2026-09-08 19:17:30 [INFO] STATS - Active connections: 0, Total requests: 0
2026-09-08 19:17:40 [INFO] STATS - Active connections: 0, Total requests: 0
2026-09-08 19:17:50 [INFO] STATS - Active connections: 0, Total requests: 0
2026-09-08 19:18:00 [INFO] STATS - Active connections: 0, Total requests: 0
2026-09-08 19:18:10 [INFO] STATS - Active connections: 0, Total requests: 0
2026-09-08 19:18:20 [INFO] STATS - Active connections: 0, Total requests: 0
2026-09-08 19:18:30 [INFO] STATS - Active connections: 0, Total requests: 0
2026-09-08 19:18:40 [INFO] STATS - Active connections: 0, Total requests: 0
2026-09-08 19:18:50 [INFO] STATS - Active connections: 0, Total requests: 0
2026-09-08 19:19:00 [INFO] STATS - Active connections: 0, Total requests: 0
2026-09-08 19:19:10 [INFO] STATS - Active connections: 0, Total requests: 0
2026-09-08 19:19:20 [INFO] STATS - Active connections: 0, Total requests: 0
2026-09-08 19:19:30 [INFO] STATS - Active connections: 0, Total requests: 0
2026-09-08 19:19:40 [INFO] STATS - Active connections: 0, Total requests: 0
2026-09-08 19:19:50 [INFO] STATS - Active connections: 0, Total requests: 0
2026-09-08 19:20:00 [INFO] STATS - Active connections: 0, Total requests: 0
2026-09-08 19:20:10 [INFO] STATS - Active connections: 0, Total requests: 0
2026-09-08 19:20:20 [INFO] STATS - Active connections: 0, Total requests: 0
2026-09-08 19:20:30 [INFO] STATS - Active connections: 0, Total requests: 0
2026-09-08 19:20:40 [INFO] STATS - Active connections: 0, Total requests: 0
2026-09-08 19:20:50 [INFO] STATS - Active connections: 0, Total requests: 0
2026-09-08 19:21:00 [INFO] STATS - Active connections: 0, Total requests: 0
2026-09-08 19:21:10 [INFO] STATS - Active connections: 0, Total requests: 0
2026-09-08 19:21:20 [INFO] STATS - Active connections: 0, Total requests: 0
2026-09-08 19:21:30 [INFO] STATS - Active connections: 0, Total requests: 0
2026-09-08 19:21:40 [INFO] STATS - Active connections: 0, Total requests: 0
2026-09-08 19:21:50 [INFO] STATS - Active connections: 0, Total requests: 0
2026-09-08 19:22:00 [INFO] STATS - Active connections: 0, Total requests: 0
2026-09-08 19:22:10 [INFO] STATS - Active connections: 0, Total requests: 0
2026-09-08 19:22:20 [INFO] STATS - Active connections: 0, Total requests: 0
2026-09-08 19:22:30 [INFO] STATS - Active connections: 0, Total requests: 0
2026-09-08 19:22:41 [INFO] STATS - Active connections: 0, Total requests: 0
2026-09-08 19:22:51 [INFO] STATS - Active connections: 0, Total requests: 0
2026-09-08 19:23:01 [INFO] STATS - Active connections: 0, Total requests: 0
2026-09-08 19:23:11 [INFO] STATS - Active connections: 0, Total requests: 0
2026-09-08 19:23:21 [INFO] STATS - Active connections: 0, Total requests: 0
2026-09-08 19:23:31 [INFO] STATS - Active connections: 0, Total requests: 0
2026-09-08 19:23:41 [INFO] STATS - Active connections: 0, Total requests: 0
2026-09-08 19:23:51 [INFO] STATS - Active connections: 0, Total requests: 0
2026-09-08 19:24:01 [INFO] STATS - Active connections: 0, Total requests: 0
2026-09-08 19:24:11 [INFO] STATS - Active connections: 0, Total requests: 0
2026-09-08 19:24:21 [INFO] STATS - Active connections: 0, Total requests: 0
2026-09-08 19:24:31 [INFO] STATS - Active connections: 0, Total requests: 0
2026-09-08 19:24:41 [INFO] STATS - Active connections: 0, Total requests: 0
2026-09-08 19:24:51 [INFO] STATS - Active connections: 0, Total requests: 0
2026-09-08 19:25:01 [INFO] STATS - Active connections: 0, Total requests: 0
2026-09-08 19:25:10 [ERROR] Connection to queue failed: Connection error: connection refused
2026-09-08 19:25:11 [INFO] STATS - Active connections: 0, Total requests: 0
2026-09-08 19:25:12 [ERROR] Connection to NOSQL database failed: Connection error: connection refused
2026-09-08 19:25:12 [SUCCESS] Successfully connected to database testcraft_db
2026-09-08 19:25:12 [INFO] SQL Query: SELECT name FROM migrations;
2026-09-08 19:25:12 [SUCCESS] Server initialized on 0.0.0.0:3501
2026-09-08 19:25:12 [INFO] Test #6
2026-09-08 19:25:12 [INFO] Starting 12 worker threads
2026-09-08 19:25:21 [INFO] STATS - Active connections: 0, Total requests: 0
2026-09-08 19:25:23 [INFO] STATS - Active connections: 0, Total requests: 0
2026-09-08 19:25:31 [INFO] STATS - Active connections: 0, Total requests: 0
2026-09-08 19:25:33 [INFO] STATS - Active connections: 0, Total requests: 0
2026-09-08 19:25:41 [INFO] STATS - Active connections: 0, Total requests: 0
2026-09-08 19:25:43 [INFO] STATS - Active connections: 0, Total requests: 0
2026-09-08 19:25:51 [INFO] STATS - Active connections: 0, Total requests: 0
2026-09-08 19:26:01 [INFO] STATS - Active connections: 0, Total requests: 0
2026-09-08 19:26:11 [INFO] STATS - Active connections: 0, Total requests: 0
2026-09-08 19:26:21 [INFO] STATS - Active connections: 0, Total requests: 0
2026-09-08 19:26:25 [ERROR] Connection to queue failed: Connection error: connection refused
2026-09-08 19:26:27 [ERROR] Connection to NOSQL database failed: Connection error: connection refused
2026-09-08 19:26:27 [SUCCESS] Successfully connected to database testcraft_db
2026-09-08 19:26:27 [INFO] SQL Query: SELECT name FROM migrations;
2026-09-08 19:26:27 [SUCCESS] Server initialized on 0.0.0.0:3501
2026-09-08 19:26:27 [INFO] Test #6
2026-09-08 19:26:27 [INFO] Starting 12 worker threads
2026-09-08 19:26:31 [INFO] STATS - Active connections: 0, Total requests: 0
2026-09-08 19:26:37 [INFO] STATS - Active connections: 0, Total requests: 0
2026-09-08 19:26:41 [INFO] STATS - Active connections: 0, Total requests: 0
2026-09-08 19:26:47 [INFO] STATS - Active connections: 0, Total requests: 0
2026-09-08 19:26:51 [INFO] STATS - Active connections: 0, Total requests: 0
2026-09-08 19:26:57 [INFO] STATS - Active connections: 0, Total requests: 0
2026-09-08 19:27:01 [INFO] STATS - Active connections: 0, Total requests: 0
2026-09-08 19:27:07 [INFO] STATS - Active connections: 0, Total requests: 0
2026-09-08 19:27:11 [INFO] STATS - Active connections: 0, Total requests: 0
2026-09-08 19:27:17 [INFO] STATS - Active connections: 0, Total requests: 0
2026-09-08 19:27:21 [INFO] STATS - Active connections: 0, Total requests: 0
2026-09-08 19:27:27 [INFO] STATS - Active connections: 0, Total requests: 0
2026-09-08 19:27:31 [INFO] STATS - Active connections: 0, Total requests: 0
2026-09-08 19:27:37 [INFO] STATS - Active connections: 0, Total requests: 0
2026-09-08 19:27:41 [INFO] STATS - Active connections: 0, Total requests: 0
2026-09-08 19:27:47 [INFO] STATS - Active connections: 0, Total requests: 0
2026-09-08 19:27:51 [INFO] STATS - Active connections: 0, Total requests: 0
2026-09-08 19:27:57 [INFO] STATS - Active connections: 0, Total requests: 0
2026-09-08 19:28:01 [INFO] STATS - Active connections: 0, Total requests: 0
2026-09-08 19:28:07 [INFO] STATS - Active connections: 0, Total requests: 0
2026-09-08 19:28:11 [INFO] STATS - Active connections: 0, Total requests: 0
2026-09-08 19:28:17 [INFO] STATS - Active connections: 0, Total requests: 0
2026-09-08 19:28:21 [INFO] STATS - Active connections: 0, Total requests: 0
2026-09-08 19:28:27 [INFO] STATS - Active connections: 0, Total requests: 0
2026-09-08 19:28:31 [INFO] STATS - Active connections: 0, Total requests: 0
2026-09-08 19:28:37 [INFO] STATS - Active connections: 0, Total requests: 0
2026-09-08 19:28:41 [INFO] STATS - Active connections: 0, Total requests: 0
2026-09-08 19:28:47 [INFO] STATS - Active connections: 0, Total requests: 0
2026-09-08 19:28:51 [INFO] STATS - Active connections: 0, Total requests: 0
2026-09-08 19:28:57 [INFO] STATS - Active connections: 0, Total requests: 0
2026-09-08 19:29:01 [INFO] STATS - Active connections: 0, Total requests: 0
2026-09-08 19:29:07 [INFO] STATS - Active connections: 0, Total requests: 0
2026-09-08 19:29:11 [INFO] STATS - Active connections: 0, Total requests: 0
2026-09-08 19:29:17 [INFO] STATS - Active connections: 0, Total requests: 0
2026-09-08 19:29:21 [INFO] STATS - Active connections: 0, Total requests: 0
2026-09-08 19:29:27 [INFO] STATS - Active connections: 0, Total requests: 0
2026-09-08 19:29:31 [INFO] STATS - Active connections: 0, Total requests: 0
2026-09-08 19:29:37 [INFO] STATS - Active connections: 0, Total requests: 0
2026-09-08 19:29:41 [INFO] STATS - Active connections: 0, Total requests: 0
2026-09-08 19:29:47 [INFO] STATS - Active connections: 0, Total requests: 0
2026-09-08 19:29:51 [INFO] STATS - Active connections: 0, Total requests: 0
2026-09-08 19:29:57 [INFO] STATS - Active connections: 0, Total requests: 0
2026-09-08 19:30:01 [INFO] STATS - Active connections: 0, Total requests: 0
2026-09-08 19:30:11 [INFO] STATS - Active connections: 0, Total requests: 0
2026-09-08 19:30:21 [INFO] STATS - Active connections: 0, Total requests: 0
2026-09-08 19:30:31 [INFO] STATS - Active connections: 0, Total requests: 0
2026-09-08 19:30:41 [INFO] STATS - Active connections: 0, Total requests: 0
2026-09-08 19:30:51 [INFO] STATS - Active connections: 0, Total requests: 0
2026-09-08 19:31:01 [INFO] STATS - Active connections: 0, Total requests: 0
2026-09-08 19:31:11 [INFO] STATS - Active connections: 0, Total requests: 0
2026-09-08 19:31:21 [INFO] STATS - Active connections: 0, Total requests: 0
2026-09-08 19:31:31 [INFO] STATS - Active connections: 0, Total requests: 0
2026-09-08 19:31:41 [INFO] STATS - Active connections: 0, Total requests: 0
2026-09-08 19:31:51 [INFO] STATS - Active connections: 0, Total requests: 0
2026-09-08 19:32:01 [INFO] STATS - Active connections: 0, Total requests: 0
2026-09-08 19:32:11 [INFO] STATS - Active connections: 0, Total requests: 0
2026-09-08 19:32:21 [INFO] STATS - Active connections: 0, Total requests: 0
2026-09-08 19:32:31 [INFO] STATS - Active connections: 0, Total requests: 0
2026-09-08 19:32:41 [INFO] STATS - Active connections: 0, Total requests: 0
2026-09-08 19:32:54 [INFO] STATS - Active connections: 0, Total requests: 0
2026-09-08 19:33:04 [INFO] STATS - Active connections: 0, Total requests: 0
2026-09-08 19:33:19 [INFO] STATS - Active connections: 0, Total requests: 0
2026-09-08 19:33:30 [INFO] STATS - Active connections: 0, Total requests: 0
2026-09-08 19:33:41 [INFO] STATS - Active connections: 0, Total requests: 0
2026-09-08 19:33:55 [INFO] STATS - Active connections: 0, Total requests: 0
2026-09-08 19:34:06 [INFO] STATS - Active connections: 0, Total requests: 0
2026-09-08 19:34:22 [INFO] STATS - Active connections: 0, Total requests: 0
2026-09-08 19:34:36 [INFO] STATS - Active connections: 0, Total requests: 0
2026-09-08 19:34:47 [INFO] STATS - Active connections: 0, Total requests: 0
2026-09-08 19:35:05 [INFO] STATS - Active connections: 0, Total requests: 0
2026-09-08 19:35:20 [INFO] STATS - Active connections: 0, Total requests: 0
2026-09-08 19:35:32 [INFO] STATS - Active connections: 0, Total requests: 0
2026-09-08 19:35:45 [INFO] STATS - Active connections: 0, Total requests: 0
2026-09-08 19:35:58 [INFO] STATS - Active connections: 0, Total requests: 0
2026-09-08 19:36:14 [INFO] STATS - Active connections: 0, Total requests: 0
2026-09-08 19:36:25 [INFO] STATS - Active connections: 0, Total requests: 0
2026-09-08 19:36:39 [INFO] STATS - Active connections: 0, Total requests: 0
2026-09-10 18:41:07 [ERROR] Connection to queue failed: Connection error: connection refused
2026-09-10 18:41:09 [ERROR] Connection to NOSQL database failed: Connection error: connection refused
2026-09-10 18:41:09 [SUCCESS] Successfully connected to database testcraft_db
2026-09-10 18:41:09 [INFO] SQL Query: SELECT name FROM migrations;
2026-09-10 18:41:09 [SUCCESS] Server initialized on 0.0.0.0:3501
2026-09-10 18:41:09 [SUCCESS] Successfully connected to database testcraft_db
2026-09-10 18:41:09 [INFO] SQL Query: SELECT name FROM migrations;
2026-09-10 18:41:09 [INFO] SQL Query: CREATE TABLE tests (id_test SERIAL PRIMARY KEY, name VARCHAR(255) NOT NULL, description TEXT NULL);
2026-09-10 18:41:09 [INFO] SQL Query: INSERT INTO migrations (name) VALUES ('class createTableTests');
2026-09-10 18:41:09 [INFO] Commit transaction
2026-09-10 18:41:09 [INFO] Migration completed: class createTableTests
2026-09-10 18:41:09 [INFO] Test #6
2026-09-10 18:41:09 [INFO] Starting 12 worker threads
2026-09-10 18:41:19 [INFO] STATS - Active connections: 0, Total requests: 0
2026-09-10 18:41:29 [INFO] STATS - Active connections: 0, Total requests: 0
2026-09-10 18:41:39 [INFO] STATS - Active connections: 0, Total requests: 0
2026-09-10 18:41:49 [INFO] STATS - Active connections: 0, Total requests: 0
2026-09-10 18:41:59 [INFO] STATS - Active connections: 0, Total requests: 0
2026-09-10 18:42:09 [INFO] STATS - Active connections: 0, Total requests: 0
2026-09-10 18:42:19 [INFO] STATS - Active connections: 0, Total requests: 0
2026-09-10 18:42:29 [INFO] STATS - Active connections: 0, Total requests: 0
2026-09-10 18:42:40 [INFO] STATS - Active connections: 0, Total requests: 0
2026-09-10 18:42:50 [INFO] STATS - Active connections: 0, Total requests: 0
2026-09-10 18:43:00 [INFO] STATS - Active connections: 0, Total requests: 0
2026-09-10 18:43:10 [INFO] STATS - Active connections: 0, Total requests: 0
2026-09-10 18:43:20 [INFO] STATS - Active connections: 0, Total requests: 0
2026-09-10 18:43:30 [INFO] STATS - Active connections: 0, Total requests: 0
2026-09-10 18:43:40 [INFO] STATS - Active connections: 0, Total requests: 0
2026-09-10 18:43:50 [INFO] STATS - Active connections: 0, Total requests: 0
2026-09-10 18:44:00 [INFO] STATS - Active connections: 0, Total requests: 0
2026-09-10 18:44:10 [INFO] STATS - Active connections: 0, Total requests: 0
2026-09-10 18:44:20 [INFO] STATS - Active connections: 0, Total requests: 0
2026-09-10 18:44:30 [INFO] STATS - Active connections: 0, Total requests: 0
2026-09-10 18:44:40 [INFO] STATS - Active connections: 0, Total requests: 0
2026-09-10 18:44:50 [INFO] STATS - Active connections: 0, Total requests: 0
2026-09-10 18:45:00 [INFO] STATS - Active connections: 0, Total requests: 0
2026-09-10 18:45:10 [INFO] STATS - Active connections: 0, Total requests: 0
2026-09-10 18:45:20 [INFO] STATS - Active connections: 0, Total requests: 0
2026-09-10 18:45:30 [INFO] STATS - Active connections: 0, Total requests: 0
2026-09-10 18:45:40 [INFO] STATS - Active connections: 0, Total requests: 0
2026-09-10 18:45:50 [INFO] STATS - Active connections: 0, Total requests: 0
2026-09-10 18:46:43 [INFO] STATS - Active connections: 0, Total requests: 0
2026-09-10 18:46:57 [INFO] STATS - Active connections: 0, Total requests: 0
2026-09-10 18:47:07 [INFO] STATS - Active connections: 0, Total requests: 0
2026-09-10 18:47:17 [INFO] STATS - Active connections: 0, Total requests: 0
2026-09-10 18:47:27 [INFO] STATS - Active connections: 0, Total requests: 0
2026-09-10 18:47:37 [INFO] STATS - Active connections: 0, Total requests: 0
2026-09-10 18:47:47 [INFO] STATS - Active connections: 0, Total requests: 0
2026-09-10 18:47:57 [INFO] STATS - Active connections: 0, Total requests: 0
2026-09-10 18:48:07 [INFO] STATS - Active connections: 0, Total requests: 0
2026-09-10 18:48:17 [INFO] STATS - Active connections: 0, Total requests: 0
2026-09-10 18:48:27 [INFO] STATS - Active connections: 0, Total requests: 0
2026-09-10 18:48:37 [INFO] STATS - Active connections: 0, Total requests: 0
2026-09-10 18:48:47 [INFO] STATS - Active connections: 0, Total requests: 0
2026-09-10 18:48:57 [INFO] STATS - Active connections: 0, Total requests: 0
2026-09-10 18:49:07 [INFO] STATS - Active connections: 0, Total requests: 0
2026-09-10 18:49:17 [INFO] STATS - Active connections: 0, Total requests: 0
2026-09-10 18:49:27 [INFO] STATS - Active connections: 0, Total requests: 0
2026-09-10 18:49:37 [INFO] STATS - Active connections: 0, Total requests: 0
2026-09-10 18:49:47 [INFO] STATS - Active connections: 0, Total requests: 0
2026-09-10 18:49:57 [INFO] STATS - Active connections: 0, Total requests: 0
2026-09-10 18:50:07 [INFO] STATS - Active connections: 0, Total requests: 0
2026-09-10 18:50:17 [INFO] STATS - Active connections: 0, Total requests: 0
2026-09-10 18:50:27 [INFO] STATS - Active connections: 0, Total requests: 0
2026-09-10 18:50:37 [INFO] STATS - Active connections: 0, Total requests: 0
2026-09-10 18:50:47 [INFO] STATS - Active connections: 0, Total requests: 0
2026-09-10 18:50:57 [INFO] STATS - Active connections: 0, Total requests: 0
2026-09-10 18:51:07 [INFO] STATS - Active connections: 0, Total requests: 0
2026-09-10 18:51:17 [INFO] STATS - Active connections: 0, Total requests: 0
2026-09-10 18:51:27 [INFO] STATS - Active connections: 0, Total requests: 0
2026-09-10 18:51:37 [INFO] STATS - Active connections: 0, Total requests: 0
2026-09-10 18:51:47 [INFO] STATS - Active connections: 0, Total requests: 0
2026-09-10 18:51:57 [INFO] STATS - Active connections: 0, Total requests: 0
2026-09-10 18:52:07 [INFO] STATS - Active connections: 0, Total requests: 0
2026-09-10 18:52:17 [INFO] STATS - Active connections: 0, Total requests: 0
2026-09-10 18:52:27 [INFO] STATS - Active connections: 0, Total requests: 0
2026-09-10 18:52:37 [INFO] STATS - Active connections: 0, Total requests: 0
2026-09-10 18:52:47 [INFO] STATS - Active connections: 0, Total requests: 0
2026-09-10 18:52:57 [INFO] STATS - Active connections: 0, Total requests: 0
2026-09-10 18:53:07 [INFO] STATS - Active connections: 0, Total requests: 0
2026-09-10 18:53:17 [INFO] STATS - Active connections: 0, Total requests: 0
2026-09-10 18:53:27 [INFO] STATS - Active connections: 0, Total requests: 0
2026-09-10 18:53:37 [INFO] STATS - Active connections: 0, Total requests: 0
2026-09-10 18:53:47 [INFO] STATS - Active connections: 0, Total requests: 0
2026-09-10 18:53:57 [INFO] STATS - Active connections: 0, Total requests: 0
2026-09-10 18:54:07 [INFO] STATS - Active connections: 0, Total requests: 0
2026-09-10 18:54:17 [INFO] STATS - Active connections: 0, Total requests: 0
2026-09-10 18:54:27 [INFO] STATS - Active connections: 0, Total requests: 0
2026-09-10 18:54:37 [INFO] STATS - Active connections: 0, Total requests: 0
2026-09-10 18:54:47 [INFO] STATS - Active connections: 0, Total requests: 0
2026-09-10 18:54:57 [INFO] STATS - Active connections: 0, Total requests: 0
2026-09-10 18:55:07 [INFO] STATS - Active connections: 0, Total requests: 0
2026-09-10 18:55:17 [INFO] STATS - Active connections: 0, Total requests: 0
2026-09-10 18:55:27 [INFO] STATS - Active connections: 0, Total requests: 0
2026-09-10 18:55:37 [INFO] STATS - Active connections: 0, Total requests: 0
2026-09-10 18:55:47 [INFO] STATS - Active connections: 0, Total requests: 0
2026-09-10 18:55:57 [INFO] STATS - Active connections: 0, Total requests: 0
2026-09-10 18:56:07 [INFO] STATS - Active connections: 0, Total requests: 0
2026-09-10 18:56:17 [INFO] STATS - Active connections: 0, Total requests: 0
2026-09-10 18:56:27 [INFO] STATS - Active connections: 0, Total requests: 0
2026-09-10 18:56:37 [INFO] STATS - Active connections: 0, Total requests: 0
2026-09-10 18:56:48 [INFO] STATS - Active connections: 0, Total requests: 0
2026-09-10 18:56:58 [INFO] STATS - Active connections: 0, Total requests: 0
2026-09-10 18:57:08 [INFO] STATS - Active connections: 0, Total requests: 0
2026-09-10 18:57:18 [INFO] STATS - Active connections: 0, Total requests: 0
2026-09-10 18:57:28 [INFO] STATS - Active connections: 0, Total requests: 0
2026-09-10 18:57:38 [INFO] STATS - Active connections: 0, Total requests: 0
2026-09-10 18:57:48 [INFO] STATS - Active connections: 0, Total requests: 0
2026-09-10 18:57:58 [INFO] STATS - Active connections: 0, Total requests: 0
2026-09-10 18:58:08 [INFO] STATS - Active connections: 0, Total requests: 0
2026-09-10 18:58:18 [INFO] STATS - Active connections: 0, Total requests: 0
2026-09-10 18:58:28 [INFO] STATS - Active connections: 0, Total requests: 0
2026-09-10 18:58:38 [INFO] STATS - Active connections: 0, Total requests: 0
2026-09-10 18:58:48 [INFO] STATS - Active connections: 0, Total requests: 0
2026-09-10 18:58:58 [INFO] STATS - Active connections: 0, Total requests: 0
2026-09-10 18:59:08 [INFO] STATS - Active connections: 0, Total requests: 0
2026-09-10 18:59:18 [INFO] STATS - Active connections: 0, Total requests: 0
2026-09-10 18:59:28 [INFO] STATS - Active connections: 0, Total requests: 0
2026-09-10 18:59:38 [INFO] STATS - Active connections: 0, Total requests: 0
2026-09-10 18:59:48 [INFO] STATS - Active connections: 0, Total requests: 0
2026-09-10 18:59:58 [INFO] STATS - Active connections: 0, Total requests: 0
2026-09-10 19:00:08 [INFO] STATS - Active connections: 0, Total requests: 0
2026-09-10 19:00:18 [INFO] STATS - Active connections: 0, Total requests: 0
2026-09-10 19:00:28 [INFO] STATS - Active connections: 0, Total requests: 0
2026-09-10 19:00:38 [INFO] STATS - Active connections: 0, Total requests: 0
2026-09-10 19:00:48 [INFO] STATS - Active connections: 0, Total requests: 0
2026-09-10 19:00:58 [INFO] STATS - Active connections: 0, Total requests: 0
2026-09-10 19:01:08 [INFO] STATS - Active connections: 0, Total requests: 0
2026-09-10 19:01:18 [INFO] STATS - Active connections: 0, Total requests: 0
2026-09-10 19:01:28 [INFO] STATS - Active connections: 0, Total requests: 0
2026-09-10 19:01:38 [INFO] STATS - Active connections: 0, Total requests: 0
2026-09-10 19:01:48 [INFO] STATS - Active connections: 0, Total requests: 0
2026-09-10 19:01:58 [INFO] STATS - Active connections: 0, Total requests: 0
2026-09-10 19:02:08 [INFO] STATS - Active connections: 0, Total requests: 0
2026-09-10 19:02:18 [INFO] STATS - Active connections: 0, Total requests: 0
2026-09-10 19:02:28 [INFO] STATS - Active connections: 0, Total requests: 0
2026-09-10 19:02:38 [INFO] STATS - Active connections: 0, Total requests: 0
2026-09-10 19:02:48 [INFO] STATS - Active connections: 0, Total requests: 0
2026-09-10 19:02:58 [INFO] STATS - Active connections: 0, Total requests: 0
2026-09-10 19:03:08 [INFO] STATS - Active connections: 0, Total requests: 0
2026-09-10 19:03:18 [INFO] STATS - Active connections: 0, Total requests: 0
2026-09-10 19:03:28 [INFO] STATS - Active connections: 0, Total requests: 0
2026-09-10 19:03:38 [INFO] STATS - Active connections: 0, Total requests: 0
2026-09-10 19:03:48 [INFO] STATS - Active connections: 0, Total requests: 0
2026-09-10 19:03:58 [INFO] STATS - Active connections: 0, Total requests: 0
2026-09-10 19:04:08 [INFO] STATS - Active connections: 0, Total requests: 0
2026-09-10 19:04:18 [INFO] STATS - Active connections: 0, Total requests: 0
2026-09-10 19:04:28 [INFO] STATS - Active connections: 0, Total requests: 0
2026-09-10 19:04:38 [INFO] STATS - Active connections: 0, Total requests: 0
2026-09-10 19:04:48 [INFO] STATS - Active connections: 0, Total requests: 0
2026-09-10 19:04:58 [INFO] STATS - Active connections: 0, Total requests: 0
2026-09-10 19:05:08 [INFO] STATS - Active connections: 0, Total requests: 0
2026-09-10 19:05:18 [INFO] STATS - Active connections: 0, Total requests: 0
2026-09-10 19:05:28 [INFO] STATS - Active connections: 0, Total requests: 0
2026-09-10 19:05:38 [INFO] STATS - Active connections: 0, Total requests: 0
2026-09-10 19:05:48 [INFO] STATS - Active connections: 0, Total requests: 0
2026-09-10 19:05:58 [INFO] STATS - Active connections: 0, Total requests: 0
2026-09-10 19:06:08 [INFO] STATS - Active connections: 0, Total requests: 0
2026-09-10 19:06:18 [INFO] STATS - Active connections: 0, Total requests: 0
2026-09-10 19:06:28 [INFO] STATS - Active connections: 0, Total requests: 0
2026-09-10 19:06:38 [INFO] STATS - Active connections: 0, Total requests: 0
2026-09-10 19:06:48 [INFO] STATS - Active connections: 0, Total requests: 0
2026-09-10 19:06:58 [INFO] STATS - Active connections: 0, Total requests: 0
2026-09-10 19:07:08 [INFO] STATS - Active connections: 0, Total requests: 0
2026-09-10 19:07:18 [INFO] STATS - Active connections: 0, Total requests: 0
2026-09-10 19:07:28 [INFO] STATS - Active connections: 0, Total requests: 0
2026-09-10 19:07:38 [INFO] STATS - Active connections: 0, Total requests: 0
2026-09-10 19:07:48 [INFO] STATS - Active connections: 0, Total requests: 0
2026-09-10 19:07:58 [INFO] STATS - Active connections: 0, Total requests: 0
2026-09-10 19:08:08 [INFO] STATS - Active connections: 0, Total requests: 0
2026-09-10 19:08:18 [INFO] STATS - Active connections: 0, Total requests: 0
2026-09-10 19:08:28 [INFO] STATS - Active connections: 0, Total requests: 0
2026-09-10 19:08:38 [INFO] STATS - Active connections: 0, Total requests: 0
2026-09-10 19:08:48 [INFO] STATS - Active connections: 0, Total requests: 0
2026-09-10 19:08:58 [INFO] STATS - Active connections: 0, Total requests: 0
2026-09-10 19:09:08 [INFO] STATS - Active connections: 0, Total requests: 0
2026-09-10 19:09:18 [INFO] STATS - Active connections: 0, Total requests: 0
2026-09-10 19:09:28 [INFO] STATS - Active connections: 0, Total requests: 0
2026-09-10 19:09:38 [INFO] STATS - Active connections: 0, Total requests: 0
2026-09-10 19:09:48 [INFO] STATS - Active connections: 0, Total requests: 0
2026-09-10 19:09:58 [INFO] STATS - Active connections: 0, Total requests: 0
2026-09-10 19:10:08 [INFO] STATS - Active connections: 0, Total requests: 0
2026-09-10 19:10:19 [INFO] STATS - Active connections: 0, Total requests: 0
2026-09-10 19:10:29 [INFO] STATS - Active connections: 0, Total requests: 0
2026-09-10 19:10:39 [INFO] STATS - Active connections: 0, Total requests: 0
2026-09-10 19:10:49 [INFO] STATS - Active connections: 0, Total requests: 0
2026-09-10 19:10:59 [INFO] STATS - Active connections: 0, Total requests: 0
2026-09-10 19:11:09 [INFO] STATS - Active connections: 0, Total requests: 0
2026-09-10 19:11:19 [INFO] STATS - Active connections: 0, Total requests: 0
2026-09-10 19:11:29 [INFO] STATS - Active connections: 0, Total requests: 0
2026-09-10 19:11:39 [INFO] STATS - Active connections: 0, Total requests: 0
2026-09-10 19:11:49 [INFO] STATS - Active connections: 0, Total requests: 0
2026-09-10 19:11:59 [INFO] STATS - Active connections: 0, Total requests: 0
2026-09-10 19:12:09 [INFO] STATS - Active connections: 0, Total requests: 0
2026-09-10 19:12:19 [INFO] STATS - Active connections: 0, Total requests: 0
2026-09-10 19:12:29 [INFO] STATS - Active connections: 0, Total requests: 0
2026-09-10 19:12:39 [INFO] STATS - Active connections: 0, Total requests: 0
2026-09-10 19:12:49 [INFO] STATS - Active connections: 0, Total requests: 0
2026-09-10 19:12:59 [INFO] STATS - Active connections: 0, Total requests: 0
2026-09-10 19:13:09 [INFO] STATS - Active connections: 0, Total requests: 0
2026-09-10 19:13:19 [INFO] STATS - Active connections: 0, Total requests: 0
2026-09-10 19:13:29 [INFO] STATS - Active connections: 0, Total requests: 0
2026-09-10 19:13:39 [INFO] STATS - Active connections: 0, Total requests: 0
2026-09-10 19:13:49 [INFO] STATS - Active connections: 0, Total requests: 0
2026-09-10 19:13:59 [INFO] STATS - Active connections: 0, Total requests: 0
2026-09-10 19:14:09 [INFO] STATS - Active connections: 0, Total requests: 0
2026-09-10 19:14:19 [INFO] STATS - Active connections: 0, Total requests: 0
2026-09-10 19:14:29 [INFO] STATS - Active connections: 0, Total requests: 0
2026-09-10 19:14:39 [INFO] STATS - Active connections: 0, Total requests: 0
2026-09-10 19:14:49 [INFO] STATS - Active connections: 0, Total requests: 0
2026-09-10 19:14:59 [INFO] STATS - Active connections: 0, Total requests: 0
2026-09-10 19:15:09 [INFO] STATS - Active connections: 0, Total requests: 0
2026-09-10 19:15:19 [INFO] STATS - Active connections: 0, Total requests: 0
2026-09-10 19:15:29 [INFO] STATS - Active connections: 0, Total requests: 0
2026-09-10 19:15:39 [INFO] STATS - Active connections: 0, Total requests: 0
2026-09-10 19:15:49 [INFO] STATS - Active connections: 0, Total requests: 0
2026-09-10 19:15:59 [INFO] STATS - Active connections: 0, Total requests: 0
2026-09-10 19:16:09 [INFO] STATS - Active connections: 0, Total requests: 0
2026-09-10 19:16:19 [INFO] STATS - Active connections: 0, Total requests: 0
2026-09-10 19:16:29 [INFO] STATS - Active connections: 0, Total requests: 0
2026-09-10 19:16:39 [INFO] STATS - Active connections: 0, Total requests: 0
2026-09-10 19:16:49 [INFO] STATS - Active connections: 0, Total requests: 0
2026-09-10 19:16:59 [INFO] STATS - Active connections: 0, Total requests: 0
2026-09-10 19:17:09 [INFO] STATS - Active connections: 0, Total requests: 0
2026-09-10 19:17:19 [INFO] STATS - Active connections: 0, Total requests: 0
2026-09-10 19:17:29 [INFO] STATS - Active connections: 0, Total requests: 0
2026-09-10 19:17:39 [INFO] STATS - Active connections: 0, Total requests: 0
2026-09-10 19:17:49 [INFO] STATS - Active connections: 0, Total requests: 0
2026-09-10 19:17:59 [INFO] STATS - Active connections: 0, Total requests: 0
2026-09-10 19:18:09 [INFO] STATS - Active connections: 0, Total requests: 0
2026-09-10 19:18:19 [INFO] STATS - Active connections: 0, Total requests: 0
2026-09-10 19:18:29 [INFO] STATS - Active connections: 0, Total requests: 0
2026-09-10 19:18:39 [INFO] STATS - Active connections: 0, Total requests: 0
2026-09-10 19:18:49 [INFO] STATS - Active connections: 0, Total requests: 0
2026-09-10 19:18:59 [INFO] STATS - Active connections: 0, Total requests: 0
2026-09-10 19:19:09 [INFO] STATS - Active connections: 0, Total requests: 0
2026-09-10 19:19:19 [INFO] STATS - Active connections: 0, Total requests: 0
2026-09-10 19:19:29 [INFO] STATS - Active connections: 0, Total requests: 0
2026-09-10 19:19:39 [INFO] STATS - Active connections: 0, Total requests: 0
2026-09-10 19:19:49 [INFO] STATS - Active connections: 0, Total requests: 0
2026-09-10 19:19:59 [INFO] STATS - Active connections: 0, Total requests: 0
2026-09-10 19:20:09 [INFO] STATS - Active connections: 0, Total requests: 0
2026-09-10 19:20:19 [INFO] STATS - Active connections: 0, Total requests: 0
2026-09-10 19:20:29 [INFO] STATS - Active connections: 0, Total requests: 0
2026-09-10 19:20:39 [INFO] STATS - Active connections: 0, Total requests: 0
2026-09-10 19:20:49 [INFO] STATS - Active connections: 0, Total requests: 0
2026-09-10 19:20:59 [INFO] STATS - Active connections: 0, Total requests: 0
2026-09-10 19:21:09 [INFO] STATS - Active connections: 0, Total requests: 0
2026-09-10 19:21:19 [INFO] STATS - Active connections: 0, Total requests: 0
2026-09-10 19:21:29 [INFO] STATS - Active connections: 0, Total requests: 0
2026-09-10 19:21:39 [INFO] STATS - Active connections: 0, Total requests: 0
2026-09-10 19:21:49 [INFO] STATS - Active connections: 0, Total requests: 0
2026-09-10 19:21:59 [INFO] STATS - Active connections: 0, Total requests: 0
2026-09-10 20:43:10 [ERROR] Connection to queue failed: Connection error: connection refused
2026-09-10 20:43:12 [ERROR] Connection to NOSQL database failed: Connection error: connection refused
2026-09-10 20:43:12 [SUCCESS] Successfully connected to database testcraft_db
2026-09-10 20:43:12 [INFO] SQL Query: SELECT name FROM migrations;
2026-09-10 20:43:12 [SUCCESS] Server initialized on 0.0.0.0:3501
2026-09-10 20:43:12 [SUCCESS] Successfully connected to database testcraft_db
2026-09-10 20:43:12 [INFO] SQL Query: SELECT name FROM migrations;
2026-09-10 20:43:12 [INFO] Migration already executed: class createTableTests
2026-09-10 20:43:12 [INFO] Test #6
2026-09-10 20:43:12 [INFO] Starting 12 worker threads
2026-09-10 20:43:23 [INFO] STATS - Active connections: 0, Total requests: 0
2026-09-10 20:43:33 [INFO] STATS - Active connections: 0, Total requests: 0
2026-09-10 20:43:43 [INFO] STATS - Active connections: 0, Total requests: 0
2026-09-10 20:43:53 [INFO] STATS - Active connections: 0, Total requests: 0
2026-09-10 20:44:03 [INFO] STATS - Active connections: 0, Total requests: 0
2026-09-10 20:44:13 [INFO] STATS - Active connections: 0, Total requests: 0
2026-09-10 20:44:23 [INFO] STATS - Active connections: 0, Total requests: 0
2026-09-10 20:44:33 [INFO] STATS - Active connections: 0, Total requests: 0
2026-09-10 20:44:43 [INFO] STATS - Active connections: 0, Total requests: 0
2026-09-10 20:44:53 [INFO] STATS - Active connections: 0, Total requests: 0
2026-09-10 20:45:03 [INFO] STATS - Active connections: 0, Total requests: 0
2026-09-10 20:48:01 [INFO] STATS - Active connections: 0, Total requests: 0
2026-09-10 23:19:52 [INFO] STATS - Active connections: 0, Total requests: 0
2026-09-10 23:20:02 [INFO] STATS - Active connections: 0, Total requests: 0
2026-09-11 12:50:58 [INFO] STATS - Active connections: 0, Total requests: 0
2026-09-11 12:51:16 [INFO] STATS - Active connections: 0, Total requests: 0
2026-09-11 12:51:26 [INFO] STATS - Active connections: 0, Total requests: 0
2026-09-11 12:51:36 [INFO] STATS - Active connections: 0, Total requests: 0
2026-09-11 12:51:46 [INFO] STATS - Active connections: 0, Total requests: 0
2026-09-11 12:51:56 [INFO] STATS - Active connections: 0, Total requests: 0
2026-09-11 12:52:06 [INFO] STATS - Active connections: 0, Total requests: 0
2026-09-11 12:52:16 [INFO] STATS - Active connections: 0, Total requests: 0
2026-09-11 12:52:27 [INFO] STATS - Active connections: 0, Total requests: 0
2026-09-11 12:52:37 [INFO] STATS - Active connections: 0, Total requests: 0
2026-09-11 12:52:47 [INFO] STATS - Active connections: 0, Total requests: 0
2026-09-11 12:52:57 [INFO] STATS - Active connections: 0, Total requests: 0
2026-09-11 12:53:07 [INFO] STATS - Active connections: 0, Total requests: 0
2026-09-11 12:53:17 [INFO] STATS - Active connections: 0, Total requests: 0
2026-09-11 12:53:27 [INFO] STATS - Active connections: 0, Total requests: 0
2026-09-11 12:53:37 [INFO] STATS - Active connections: 0, Total requests: 0
